a = 2
print('a: '..a)
a = a +  1
if (a ~= 3) then  a = a -  3
 endprint('last line')
a = a / b = = = / b + 2
b = b * a
